
> temp-app@0.1.0 build
> next build

  Ôû▓ Next.js 14.2.35

   Creating an optimized production build ...
node.exe : 
At C:\Program Files\nodejs\npm.ps1:29 char:3
+   & $NODE_EXE $NPM_CLI_JS $args
+   ~~~~~~~~~~~~~~~~~~~~~~~~~~~~~
    + CategoryInfo          : NotSpecified: (:String) [], RemoteE 
   xception
    + FullyQualifiedErrorId : NativeCommandError
 
[1m[33mwarn[39m[22m - No utility classes were detected in 
your source files. If this is unexpected, double-check the 
`content` option in your Tailwind CSS configuration.
[1m[33mwarn[39m[22m - 
https://tailwindcss.com/docs/content-configuration
 Ô£ô Compiled successfully
   Linting and checking validity of types ...
Failed to compile.

./party/index.ts:53:28
Type error: Type 'Iterable<Connection<unknown>>' can only be 
iterated through when using the '--downlevelIteration' flag or 
with a '--target' of 'es2015' or higher.

[0m [90m 51 |[39m     broadcastState() {[0m
[0m [90m 52 |[39m         [90m// Send customized state to 
each connected client[39m[0m
[0m[31m[1m>[22m[39m[90m 53 |[39m         [36mfor[39m 
([36mconst[39m conn [36mof[39m 
[36mthis[39m[33m.[39mroom[33m.[39mgetConnections()) {[0m
[0m [90m    |[39m                            
[31m[1m^[22m[39m[0m
[0m [90m 54 |[39m             [36mconst[39m sanitized 
[33m=[39m sanitizeStateForPlayer([36mthis[39m[33m.[39mgameSt
ate[33m,[39m conn[33m.[39mid)[33m;[39m[0m
[0m [90m 55 |[39m             
conn[33m.[39msend([33mJSON[39m[33m.[39mstringify({ 
type[33m:[39m [32m"STATE_UPDATE"[39m[33m,[39m 
payload[33m:[39m sanitized }))[33m;[39m[0m
[0m [90m 56 |[39m         }[0m
Next.js build worker exited with code: 1 and signal: null
